<html>
<body>
<pre>
<h1>µVision Build Log</h1>
<h2>Tool Versions:</h2>
IDE-Version: µVision V5.31.0.0
Copyright (C) 2020 ARM Ltd and ARM Germany GmbH. All rights reserved.
License Information: ECBME Dept. Ryerson University Flex license: MDK Professional 5.31 (Flex): 200 user(s) (mdk_pro) Operation stops: 21 Jun 2024
 
Tool Versions:
Toolchain:       MDK Professional 5.31 (Flex): 200 user(s)  Version: 5.31.0.0
Toolchain Path:  C:\Keil_v5\ARM\ARMCC\Bin
C Compiler:      Armcc.exe V5.06 update 6 (build 750)
Assembler:       Armasm.exe V5.06 update 6 (build 750)
Linker/Locator:  ArmLink.exe V5.06 update 6 (build 750)
Library Manager: ArmAr.exe V5.06 update 6 (build 750)
Hex Converter:   FromElf.exe V5.06 update 6 (build 750)
CPU DLL:         SARMCM3.DLL V5.31.0.0
Dialog DLL:      DARMP1.DLL V1.27.0.0
Target DLL:      UL2CM3.DLL V1.163.4.0
Dialog DLL:      TARMP1.DLL V1.26.0.0
 
<h2>Project:</h2>
S:\COE718\ProjectFinal\Blinky.uvproj
Project File Date:  11/22/2023

<h2>Output:</h2>
*** Using Compiler 'V5.06 update 6 (build 750)', folder: 'C:\Keil_v5\ARM\ARMCC\Bin'
Rebuild target 'LPC1768 Flash'
assembling startup_LPC17xx.s...
compiling system_LPC17xx.c...
compiling GLCD_SPI_LPC1700.c...
GLCD_SPI_LPC1700.c(826): warning:  #177-D: variable "x"  was declared but never referenced
        int x=0;
GLCD_SPI_LPC1700.c(827): warning:  #177-D: variable "y"  was declared but never referenced
        int y=0;
GLCD_SPI_LPC1700.c(863): warning:  #68-D: integer conversion resulted in a change of sign
    for (i = (h-1)*w + (y_offset*w); i > -1 + (y_offset*w) ; i -= w) 
GLCD_SPI_LPC1700.c: 3 warnings, 0 errors
compiling LED.c...
compiling IRQ.c...
compiling Blinky.c...
KBD.h(13): warning:  #1-D: last line of file ends without a newline
  #endif
snake.h(4): warning:  #1295-D: Deprecated declaration snakegame - give arg types
  extern int snakegame();
snake.h(5): warning:  #1295-D: Deprecated declaration delay - give arg types
  extern void delay();
snake.h(7): warning:  #1-D: last line of file ends without a newline
  #endif
PhotoGallery.h(6): warning:  #1295-D: Deprecated declaration startPhotoGallery - give arg types
  extern void startPhotoGallery();
quizgame.h(1): warning:  #1295-D: Deprecated declaration startQuizGame - give arg types
  extern void startQuizGame();
Blinky.c: 6 warnings, 0 errors
compiling KBD.c...
KBD.h(13): warning:  #1-D: last line of file ends without a newline
  #endif
KBD.c(54): warning:  #1-D: last line of file ends without a newline
  }
KBD.c: 2 warnings, 0 errors
compiling snake.c...
KBD.h(13): warning:  #1-D: last line of file ends without a newline
  #endif
snake.c(393): warning:  #1-D: last line of file ends without a newline
  }
snake.c(282): warning:  #177-D: variable "joy_difficulty"  was declared but never referenced
        int joy_difficulty, joy_try;
snake.c: 3 warnings, 0 errors
compiling PhotoGallery.c...
KBD.h(13): warning:  #1-D: last line of file ends without a newline
  #endif
PhotoGallery.h(6): warning:  #1295-D: Deprecated declaration startPhotoGallery - give arg types
  extern void startPhotoGallery();
PhotoGallery.c: 2 warnings, 0 errors
compiling galaxy64.c...
compiling satelite64.c...
compiling ufo64.c...
compiling quizgame.c...
KBD.h(13): warning:  #1-D: last line of file ends without a newline
  #endif
quizgame.h(1): warning:  #1295-D: Deprecated declaration startQuizGame - give arg types
  extern void startQuizGame();
quizgame.c(48): warning:  #167-D: argument of type "char *" is incompatible with parameter of type "unsigned char *"
                GLCD_DisplayString(2, 1, 1, questions[currentQuestionIndex*(NUM_ANSWERS+1)]);
quizgame.c(52): warning:  #167-D: argument of type "char *" is incompatible with parameter of type "unsigned char *"
                        GLCD_DisplayString(4+j, 1, 1, questions[currentQuestionIndex*(NUM_ANSWERS+1)+j+1]);
quizgame.c(96): warning:  #223-D: function "snprintf" declared implicitly
                snprintf(scoreString, 20, "Score: %d", score);
quizgame.c(98): warning:  #167-D: argument of type "char *" is incompatible with parameter of type "unsigned char *"
                GLCD_DisplayString(8, 1, 1, scoreString);
quizgame.c(104): warning:  #167-D: argument of type "char *" is incompatible with parameter of type "unsigned char *"
                GLCD_DisplayString(5, 6, 1, scoreString);
quizgame.c(30): warning:  #177-D: variable "i"  was declared but never referenced
        int i, j, k;
quizgame.c: 8 warnings, 0 errors
compiling facedown.c...
compiling all.c...
compiling usbuser.c...
compiling adcuser.c...
compiling core_cm3.c...
compiling usbcore.c...
compiling usbdesc.c...
compiling usbdmain.c...
audio\kbd.h(13): warning:  #1-D: last line of file ends without a newline
  #endif
audio\usbdmain.c(146): warning:  #177-D: variable "i"  was declared but never referenced
        int i,j;
audio\usbdmain.c(146): warning:  #177-D: variable "j"  was declared but never referenced
        int i,j;
audio\usbdmain.c: 3 warnings, 0 errors
compiling usbhw.c...
linking...
Program Size: Code=15448 RO-data=7420 RW-data=32960 ZI-data=2128  
".\Flash\Blinky.axf" - 0 Error(s), 27 Warning(s).
Build Time Elapsed:  00:00:10
</pre>
</body>
</html>
